==============================================================================
PER-LAYER SPEEDUP on real activations: ctx=32768, threshold=0.03
==============================================================================
Task                  sparsity    speedup   >=1.0x
--------------------------------------------------
cwe                      49.8%     1.090x   31/36
fwe                      57.5%     1.202x   35/36
niah_multikey_1          54.9%     1.151x   32/36
niah_multikey_2          45.3%     1.059x   29/36
niah_multikey_3          53.6%     1.094x   28/36
niah_multiquery          54.8%     1.152x   32/36
niah_multivalue          55.0%     1.114x   31/36
niah_single_1            61.0%     1.130x   33/36
niah_single_2            55.0%     1.114x   31/36
niah_single_3            54.9%     1.114x   31/36
qa_1                     58.1%     1.143x   31/36
qa_2                     60.4%     1.247x   34/36
vt                       57.8%     1.112x   32/36
--------------------------------------------------
MEAN                     55.2%     1.133x

Speedups are per task: layer times summed, then divided. MEAN is the mean over tasks of that.
Averaging the per-layer ratios instead reads about 0.01x higher; both are in the JSON.

Results saved to results/ruler_speed_ctx32768.json
